[    0.000000] Initializing cgroup subsys cpuset
[    0.000000] Initializing cgroup subsys cpu
[    0.000000] Initializing cgroup subsys cpuacct
[    0.000000] Linux version 4.4.0-210-generic (buildd@lgw01-amd64-009) (gcc version 5.4.0 20160609 (Ubuntu 5.4.0-6ubuntu1~16.04.12) ) #242-Ubuntu SMP Fri Apr 16 09:57:56 UTC 2021 (Ubuntu 4.4.0-210.242-generic 4.4.262)
[    0.000000] Command line: BOOT_IMAGE=/boot/vmlinuz-4.4.0-210-generic root=LABEL=cloudimg-rootfs ro console=tty1 console=ttyS0
[    0.000000] KERNEL supported cpus:
[    0.000000]   Intel GenuineIntel
[    0.000000]   AMD AuthenticAMD
[    0.000000]   Centaur CentaurHauls
[    0.000000] x86/fpu: Legacy x87 FPU detected.
[    0.000000] e820: BIOS-provided physical RAM map:
[    0.000000] BIOS-e820: [mem 0x0000000000000000-0x000000000009fbff] usable
[    0.000000] BIOS-e820: [mem 0x000000000009fc00-0x000000000009ffff] reserved
[    0.000000] BIOS-e820: [mem 0x00000000000f0000-0x00000000000fffff] reserved
[    0.000000] BIOS-e820: [mem 0x0000000000100000-0x000000003ffeffff] usable
[    0.000000] BIOS-e820: [mem 0x000000003fff0000-0x000000003fffffff] ACPI data
[    0.000000] BIOS-e820: [mem 0x00000000fec00000-0x00000000fec00fff] reserved
[    0.000000] BIOS-e820: [mem 0x00000000fee00000-0x00000000fee00fff] reserved
[    0.000000] BIOS-e820: [mem 0x00000000fffc0000-0x00000000ffffffff] reserved
[    0.000000] NX (Execute Disable) protection: active
[    0.000000] SMBIOS 2.5 present.
[    0.000000] Hypervisor detected: KVM
[    0.000000] e820: last_pfn = 0x3fff0 max_arch_pfn = 0x400000000
[    0.000000] MTRR: Disabled
[    0.000000] x86/PAT: MTRRs disabled, skipping PAT initialization too.
[    0.000000] CPU MTRRs all blank - virtualized system.
[    0.000000] x86/PAT: Configuration [0-7]: WB  WT  UC- UC  WB  WT  UC- UC  
[    0.000000] found SMP MP-table at [mem 0x0009fff0-0x0009ffff] mapped at [ffff88000009fff0]
[    0.000000] Scanning 1 areas for low memory corruption
[    0.000000] RAMDISK: [mem 0x362de000-0x37166fff]
[    0.000000] ACPI: Early table checksum verification disabled
[    0.000000] ACPI: RSDP 0x00000000000E0000 000024 (v02 VBOX  )
[    0.000000] ACPI: XSDT 0x000000003FFF0030 00003C (v01 VBOX   VBOXXSDT 00000001 ASL  00000061)
[    0.000000] ACPI: FACP 0x000000003FFF00F0 0000F4 (v04 VBOX   VBOXFACP 00000001 ASL  00000061)
[    0.000000] ACPI: DSDT 0x000000003FFF0470 002325 (v02 VBOX   VBOXBIOS 00000002 INTL 20100528)
[    0.000000] ACPI: FACS 0x000000003FFF0200 000040
[    0.000000] ACPI: FACS 0x000000003FFF0200 000040
[    0.000000] ACPI: APIC 0x000000003FFF0240 00005C (v02 VBOX   VBOXAPIC 00000001 ASL  00000061)
[    0.000000] ACPI: SSDT 0x000000003FFF02A0 0001CC (v01 VBOX   VBOXCPUT 00000002 INTL 20100528)
[    0.000000] No NUMA configuration found
[    0.000000] Faking a node at [mem 0x0000000000000000-0x000000003ffeffff]
[    0.000000] NODE_DATA(0) allocated [mem 0x3ffeb000-0x3ffeffff]
[    0.000000] kvm-clock: Using msrs 4b564d01 and 4b564d00
[    0.000000] kvm-clock: cpu 0, msr 0:3ffe3001, primary cpu clock
[    0.000000] kvm-clock: using sched offset of 5425863945 cycles
[    0.000000] clocksource: kvm-clock: mask: 0xffffffffffffffff max_cycles: 0x1cd42e4dffb, max_idle_ns: 881590591483 ns
[    0.000000] Zone ranges:
[    0.000000]   DMA      [mem 0x0000000000001000-0x0000000000ffffff]
[    0.000000]   DMA32    [mem 0x0000000001000000-0x000000003ffeffff]
[    0.000000]   Normal   empty
[    0.000000]   Device   empty
[    0.000000] Movable zone start for each node
[    0.000000] Early memory node ranges
[    0.000000]   node   0: [mem 0x0000000000001000-0x000000000009efff]
[    0.000000]   node   0: [mem 0x0000000000100000-0x000000003ffeffff]
[    0.000000] Initmem setup node 0 [mem 0x0000000000001000-0x000000003ffeffff]
[    0.000000] ACPI: PM-Timer IO Port: 0x4008
[    0.000000] IOAPIC[0]: apic_id 2, version 32, address 0xfec00000, GSI 0-23
[    0.000000] ACPI: INT_SRC_OVR (bus 0 bus_irq 0 global_irq 2 dfl dfl)
[    0.000000] ACPI: INT_SRC_OVR (bus 0 bus_irq 9 global_irq 9 low level)
[    0.000000] Using ACPI (MADT) for SMP configuration information
[    0.000000] smpboot: Allowing 2 CPUs, 0 hotplug CPUs
[    0.000000] PM: Registered nosave memory: [mem 0x00000000-0x00000fff]
[    0.000000] PM: Registered nosave memory: [mem 0x0009f000-0x0009ffff]
[    0.000000] PM: Registered nosave memory: [mem 0x000a0000-0x000effff]
[    0.000000] PM: Registered nosave memory: [mem 0x000f0000-0x000fffff]
[    0.000000] e820: [mem 0x40000000-0xfebfffff] available for PCI devices
[    0.000000] Booting paravirtualized kernel on KVM
[    0.000000] clocksource: refined-jiffies: mask: 0xffffffff max_cycles: 0xffffffff, max_idle_ns: 7645519600211568 ns
[    0.000000] setup_percpu: NR_CPUS:512 nr_cpumask_bits:512 nr_cpu_ids:2 nr_node_ids:1
[    0.000000] PERCPU: Embedded 33 pages/cpu @ffff88003fc00000 s95192 r8192 d31784 u1048576
[    0.000000] Built 1 zonelists in Node order, mobility grouping on.  Total pages: 257912
[    0.000000] Policy zone: DMA32
[    0.000000] Kernel command line: BOOT_IMAGE=/boot/vmlinuz-4.4.0-210-generic root=LABEL=cloudimg-rootfs ro console=tty1 console=ttyS0
[    0.000000] PID hash table entries: 4096 (order: 3, 32768 bytes)
[    0.000000] Memory: 997796K/1048120K available (8644K kernel code, 1332K rwdata, 4044K rodata, 1492K init, 1164K bss, 50324K reserved, 0K cma-reserved)
[    0.000000] SLUB: HWalign=64, Order=0-3, MinObjects=0, CPUs=2, Nodes=1
[    0.000000] Kernel/User page tables isolation: enabled
[    0.000000] Hierarchical RCU implementation.
[    0.000000] 	Build-time adjustment of leaf fanout to 64.
[    0.000000] 	RCU restricting CPUs from NR_CPUS=512 to nr_cpu_ids=2.
[    0.000000] RCU: Adjusting geometry for rcu_fanout_leaf=64, nr_cpu_ids=2
[    0.000000] NR_IRQS:33024 nr_irqs:440 16
[    0.000000] Console: colour VGA+ 80x25
[    0.000000] console [tty1] enabled
[    0.000000] console [ttyS0] enabled
[    0.000000] tsc: Detected 1799.998 MHz processor
[    0.919637] Calibrating delay loop (skipped) preset value.. 3599.99 BogoMIPS (lpj=7199992)
[    0.930908] pid_max: default: 32768 minimum: 301
[    0.938381] ACPI: Core revision 20150930
[    0.945935] ACPI: 2 ACPI AML tables successfully acquired and loaded
[    0.958710] Security Framework initialized
[    0.964572] Yama: becoming mindful.
[    0.970534] AppArmor: AppArmor initialized
[    0.975890] Dentry cache hash table entries: 131072 (order: 8, 1048576 bytes)
[    0.992056] Inode-cache hash table entries: 65536 (order: 7, 524288 bytes)
[    1.005004] Mount-cache hash table entries: 2048 (order: 2, 16384 bytes)
[    1.015421] Mountpoint-cache hash table entries: 2048 (order: 2, 16384 bytes)
[    1.030822] Initializing cgroup subsys io
[    1.038183] Initializing cgroup subsys memory
[    1.044521] Initializing cgroup subsys devices
[    1.051089] Initializing cgroup subsys freezer
[    1.059311] Initializing cgroup subsys net_cls
[    1.066152] Initializing cgroup subsys perf_event
[    1.074236] Initializing cgroup subsys net_prio
[    1.082307] Initializing cgroup subsys hugetlb
[    1.089072] Initializing cgroup subsys pids
[    1.095866] mce: CPU supports 0 MCE banks
[    1.103590] Last level iTLB entries: 4KB 64, 2MB 8, 4MB 8
[    1.111893] Last level dTLB entries: 4KB 64, 2MB 0, 4MB 0, 1GB 4
[    1.121970] Spectre V1 : Mitigation: usercopy/swapgs barriers and __user pointer sanitization
[    1.132926] Spectre V2 : Mitigation: Full generic retpoline
[    1.142213] Spectre V2 : Spectre v2 / SpectreRSB mitigation: Filling RSB on context switch
[    1.154137] Speculative Store Bypass: Vulnerable
[    1.162418] MDS: Mitigation: Clear CPU buffers
[    1.202957] Freeing SMP alternatives memory: 36K
[    1.282627] ftrace: allocating 32380 entries in 127 pages
[    2.293081] smpboot: APIC(0) Converting physical 0 to logical package 0
[    2.308493] smpboot: Max logical packages: 1
[    2.352716] ..TIMER: vector=0x30 apic1=0 pin1=2 apic2=-1 pin2=-1
[    2.472343] smpboot: CPU0: Intel(R) Core(TM) i5-8250U CPU @ 1.60GHz (family: 0x6, model: 0x8e, stepping: 0xa)
[    2.499594] Performance Events: unsupported p6 CPU model 142 no PMU driver, software events only.
[    2.643824] KVM setup paravirtual spinlock
[    2.656643] x86: Booting SMP configuration:
[    2.665658] .... node  #0, CPUs:      #1
[    2.675190] kvm-clock: cpu 1, msr 0:3ffe3041, secondary cpu clock
[    2.681893] mce: CPU supports 0 MCE banks
[    2.686019] TSC synchronization [CPU#0 -> CPU#1]:
[    2.690585] Measured 131721 cycles TSC warp between CPUs, turning off TSC clock.
[    2.698886] tsc: Marking TSC unstable due to check_tsc_sync_source failed
[    0.605403] x86: Booted up 1 node, 2 CPUs
[    0.608024] smpboot: Total of 2 processors activated (7199.99 BogoMIPS)
[    0.620698] devtmpfs: initialized
[    0.630898] evm: security.selinux
[    0.632007] evm: security.SMACK64
[    0.640079] evm: security.SMACK64EXEC
[    0.644006] evm: security.SMACK64TRANSMUTE
[    0.648006] evm: security.SMACK64MMAP
[    0.652011] evm: security.ima
[    0.656012] evm: security.capability
[    0.660792] clocksource: jiffies: mask: 0xffffffff max_cycles: 0xffffffff, max_idle_ns: 7645041785100000 ns
[    0.692028] futex hash table entries: 512 (order: 3, 32768 bytes)
[    0.712249] pinctrl core: initialized pinctrl subsystem
[    0.720660] RTC time: 15:14:00, date: 06/08/21
[    0.736489] NET: Registered protocol family 16
[    0.748014] cpuidle: using governor ladder
[    0.760027] cpuidle: using governor menu
[    0.764015] PCCT header not found.
[    0.772143] ACPI: bus type PCI registered
[    0.776008] acpiphp: ACPI Hot Plug PCI Controller Driver version: 0.5
[    0.784697] PCI: Using configuration type 1 for base access
[    0.812551] ACPI: Added _OSI(Module Device)
[    0.820022] ACPI: Added _OSI(Processor Device)
[    0.824038] ACPI: Added _OSI(3.0 _SCP Extensions)
[    0.832010] ACPI: Added _OSI(Processor Aggregator Device)
[    0.844545] ACPI: Executed 1 blocks of module-level executable AML code
[    0.861643] ACPI: Interpreter enabled
[    0.868032] ACPI: (supports S0 S5)
[    0.872006] ACPI: Using IOAPIC for interrupt routing
[    0.884481] PCI: Using host bridge windows from ACPI; if necessary, use "pci=nocrs" and report a bug
[    0.913585] ACPI: PCI Root Bridge [PCI0] (domain 0000 [bus 00-ff])
[    0.928040] acpi PNP0A03:00: _OSC: OS supports [ASPM ClockPM Segments MSI]
[    0.940839] acpi PNP0A03:00: _OSC: not requesting OS control; OS requires [ExtendedConfig ASPM ClockPM MSI]
[    0.956044] acpi PNP0A03:00: fail to add MMCONFIG information, can't access extended PCI configuration space under this bridge.
[    0.976784] PCI host bridge to bus 0000:00
[    0.980014] pci_bus 0000:00: root bus resource [io  0x0000-0x0cf7 window]
[    0.992010] pci_bus 0000:00: root bus resource [io  0x0d00-0xffff window]
[    1.000012] pci_bus 0000:00: root bus resource [mem 0x000a0000-0x000bffff window]
[    1.012016] pci_bus 0000:00: root bus resource [mem 0x40000000-0xfdffffff window]
[    1.024017] pci_bus 0000:00: root bus resource [bus 00-ff]
[    1.040825] pci 0000:00:01.1: legacy IDE quirk: reg 0x10: [io  0x01f0-0x01f7]
[    1.052009] pci 0000:00:01.1: legacy IDE quirk: reg 0x14: [io  0x03f6]
[    1.060026] pci 0000:00:01.1: legacy IDE quirk: reg 0x18: [io  0x0170-0x0177]
[    1.072021] pci 0000:00:01.1: legacy IDE quirk: reg 0x1c: [io  0x0376]
[    1.137514] pci 0000:00:07.0: quirk: [io  0x4000-0x403f] claimed by PIIX4 ACPI
[    1.160042] pci 0000:00:07.0: quirk: [io  0x4100-0x410f] claimed by PIIX4 SMB
[    1.201450] ACPI: PCI Interrupt Link [LNKA] (IRQs 5 9 10 *11)
[    1.288661] ACPI: PCI Interrupt Link [LNKB] (IRQs 5 9 *10 11)
[    1.316251] ACPI: PCI Interrupt Link [LNKC] (IRQs 5 *9 10 11)
[    1.348190] ACPI: PCI Interrupt Link [LNKD] (IRQs 5 9 10 *11)
[    1.373625] ACPI: Enabled 2 GPEs in block 00 to 07
[    1.396341] vgaarb: setting as boot device: PCI:0000:00:02.0
[    1.400000] vgaarb: device added: PCI:0000:00:02.0,decodes=io+mem,owns=io+mem,locks=none
[    1.440007] vgaarb: loaded
[    1.448009] vgaarb: bridge control possible 0000:00:02.0
[    1.464799] SCSI subsystem initialized
[    1.481004] ACPI: bus type USB registered
[    1.496089] usbcore: registered new interface driver usbfs
[    1.512036] usbcore: registered new interface driver hub
[    1.528325] usbcore: registered new device driver usb
[    1.548502] PCI: Using ACPI for IRQ routing
[    1.568652] NetLabel: Initializing
[    1.580006] NetLabel:  domain hash size = 128
[    1.588013] NetLabel:  protocols = UNLABELED CIPSOv4
[    1.604189] NetLabel:  unlabeled traffic allowed by default
[    1.620218] amd_nb: Cannot enumerate AMD northbridges
[    1.636438] clocksource: Switched to clocksource kvm-clock
[    1.730700] AppArmor: AppArmor Filesystem Enabled
[    1.739772] pnp: PnP ACPI init
[    1.748317] pnp: PnP ACPI: found 3 devices
[    1.763700] clocksource: acpi_pm: mask: 0xffffff max_cycles: 0xffffff, max_idle_ns: 2085701024 ns
[    1.779414] NET: Registered protocol family 2
[    1.787047] TCP established hash table entries: 8192 (order: 4, 65536 bytes)
[    1.799966] TCP bind hash table entries: 8192 (order: 5, 131072 bytes)
[    1.803876] TCP: Hash tables configured (established 8192 bind 8192)
[    1.803876] UDP hash table entries: 512 (order: 2, 16384 bytes)
[    1.803876] UDP-Lite hash table entries: 512 (order: 2, 16384 bytes)
[    1.803876] NET: Registered protocol family 1
[    1.803876] pci 0000:00:00.0: Limiting direct PCI/PCI transfers
[    1.803876] pci 0000:00:01.0: Activating ISA DMA hang workarounds
[    1.803876] Unpacking initramfs...
[    2.528236] Freeing initrd memory: 14884K
[    2.528236] clocksource: tsc: mask: 0xffffffffffffffff max_cycles: 0x19f227af07c, max_idle_ns: 440795246167 ns
[    2.528236] platform rtc_cmos: registered platform RTC device (no PNP device found)
[    2.528236] Scanning for low memory corruption every 60 seconds
[    2.654621] audit: initializing netlink subsys (disabled)
[    2.657646] audit: type=2000 audit(1623165247.559:1): initialized
[    2.657646] Initialise system trusted keyring
[    2.678659] HugeTLB registered 2 MB page size, pre-allocated 0 pages
[    2.690776] zbud: loaded
[    2.690974] VFS: Disk quotas dquot_6.6.0
[    2.690974] VFS: Dquot-cache hash table entries: 512 (order 0, 4096 bytes)
[    2.690974] squashfs: version 4.0 (2009/01/31) Phillip Lougher
[    2.723459] fuse init (API version 7.23)
[    2.732993] Key type big_key registered
[    2.735754] Allocating IMA MOK and blacklist keyrings.
[    2.767976] Key type asymmetric registered
[    2.780710] Asymmetric key parser 'x509' registered
[    2.794714] Block layer SCSI generic (bsg) driver version 0.4 loaded (major 249)
[    2.817872] io scheduler noop registered
[    2.828649] io scheduler deadline registered (default)
[    2.842079] io scheduler cfq registered
[    2.845594] pci_hotplug: PCI Hot Plug PCI Core version: 0.5
[    2.845594] pciehp: PCI Express Hot Plug Controller Driver version: 0.4
[    2.845594] ACPI: AC Adapter [AC] (off-line)
[    2.845594] input: Power Button as /devices/LNXSYSTM:00/LNXPWRBN:00/input/input0
[    2.845594] ACPI: Power Button [PWRF]
[    2.845594] input: Sleep Button as /devices/LNXSYSTM:00/LNXSLPBN:00/input/input1
[    2.845594] ACPI: Sleep Button [SLPF]
[    2.920460] ACPI: Battery Slot [BAT0] (battery present)
[    2.920460] GHES: HEST is not enabled!
[    2.920460] Serial: 8250/16550 driver, 32 ports, IRQ sharing enabled
    2.972525] 00:02: ttyS0 at I/O 0x3f8 (irq = 4, base_baud = 115200) is a 16550A
[    3.313917] Linux agpgart interface v0.103
[    3.337731] loop: module loaded
[    3.353557] scsi host0: ata_piix
[    3.365512] scsi host1: ata_piix
[    3.372358] ata1: PATA max UDMA/33 cmd 0x1f0 ctl 0x3f6 bmdma 0xd000 irq 14
[    3.390637] ata2: PATA max UDMA/33 cmd 0x170 ctl 0x376 bmdma 0xd008 irq 15
[    3.407116] libphy: Fixed MDIO Bus: probed
[    3.420540] tun: Universal TUN/TAP device driver, 1.6
[    3.432025] tun: (C) 1999-2004 Max Krasnyansky <maxk@qualcomm.com>
[    3.442222] PPP generic driver version 2.4.2
[    3.445878] ehci_hcd: USB 2.0 'Enhanced' Host Controller (EHCI) Driver
[    3.445878] ehci-pci: EHCI PCI platform driver
[    3.445878] ehci-platform: EHCI generic platform driver
[    3.445878] ohci_hcd: USB 1.1 'Open' Host Controller (OHCI) Driver
[    3.445878] ohci-pci: OHCI PCI platform driver
[    3.445878] ohci-platform: OHCI generic platform driver
[    3.445878] uhci_hcd: USB Universal Host Controller Interface driver
[    3.445878] i8042: PNP: PS/2 Controller [PNP0303:PS2K,PNP0f03:PS2M] at 0x60,0x64 irq 1,12
[    3.514880] serio: i8042 KBD port at 0x60,0x64 irq 1
[    3.522324] serio: i8042 AUX port at 0x60,0x64 irq 12
[    3.526238] mousedev: PS/2 mouse device common for all mice
[    3.541956] rtc_cmos rtc_cmos: rtc core: registered rtc_cmos as rtc0
[    3.552684] rtc_cmos rtc_cmos: alarms up to one day, 114 bytes nvram
[    3.562207] i2c /dev entries driver
[    3.569377] input: AT Translated Set 2 keyboard as /devices/platform/i8042/serio0/input/input2
[    3.581339] device-mapper: uevent: version 1.0.3
[    3.587132] device-mapper: ioctl: 4.34.0-ioctl (2015-10-28) initialised: dm-devel@redhat.com
[    3.600677] ledtrig-cpu: registered to indicate activity on CPUs
[    3.639426] NET: Registered protocol family 10
[    3.648385] NET: Registered protocol family 17
[    3.656010] Key type dns_resolver registered
[    3.663148] registered taskstats version 1
[    3.669350] Loading compiled-in X.509 certificates
[    3.677835] Loaded X.509 cert 'Build time autogenerated kernel key: cf00e047681d67edb2720680708b7d9498083038'
[    3.690196] zswap: loaded using pool lzo/zbud
[    3.701618] Key type trusted registered
[    3.718076] Key type encrypted registered
[    3.723099] AppArmor: AppArmor sha1 policy hashing enabled
[    3.729430] ima: No TPM chip found, activating TPM-bypass!
[    3.735596] ima: Allocated hash algorithm: sha1
[    3.743815] evm: HMAC attrs: 0x1
[    3.750570]   Magic number: 9:359:234
[    3.757167] rtc_cmos rtc_cmos: setting system clock to 2021-06-08 15:14:03 UTC (1623165243)
[    3.768737] BIOS EDD facility v0.16 2004-Jun-25, 0 devices found
[    3.772608] EDD information not available.
[    3.785387] Freeing unused kernel memory: 1492K
[    3.790936] Write protecting the kernel read-only data: 14336k
[    3.799233] Freeing unused kernel memory: 1584K
[    3.808229] Freeing unused kernel memory: 52K
Loading, please wait...
starting version 229
[    3.860110] random: systemd-udevd: uninitialized urandom read (16 bytes read, 5 bits of entropy available)
[    3.862405] random: udevadm: uninitialized urandom read (16 bytes read, 5 bits of entropy available)
[    3.862442] random: udevadm: uninitialized urandom read (16 bytes read, 5 bits of entropy available)
[    3.888267] random: udevadm: uninitialized urandom read (16 bytes read, 5 bits of entropy available)
[    3.888315] random: udevadm: uninitialized urandom read (16 bytes read, 5 bits of entropy available)
[    3.888673] random: udevadm: uninitialized urandom read (16 bytes read, 5 bits of entropy available)
[    3.888735] random: udevadm: uninitialized urandom read (16 bytes read, 5 bits of entropy available)
[    3.888925] random: udevadm: uninitialized urandom read (16 bytes read, 5 bits of entropy available)
[    3.889034] random: udevadm: uninitialized urandom read (16 bytes read, 5 bits of entropy available)
[    3.889170] random: udevadm: uninitialized urandom read (16 bytes read, 5 bits of entropy available)
[    4.091538] e1000: Intel(R) PRO/1000 Network Driver - version 7.3.21-k8-NAPI
[    4.104780] e1000: Copyright (c) 1999-2006 Intel Corporation.
[    4.117910] Fusion MPT base driver 3.04.20
[    4.123404] Copyright (c) 1999-2008 LSI Corporation
[    4.229093] Fusion MPT SPI Host driver 3.04.20
[    4.560647] input: ImExPS/2 Generic Explorer Mouse as /devices/platform/i8042/serio1/input/input4
[    5.207436] e1000 0000:00:03.0 eth0: (PCI:33MHz:32-bit) 02:ed:98:3c:8e:82
[    5.217749] e1000 0000:00:03.0 eth0: Intel(R) PRO/1000 Network Connection
[    6.901072] e1000 0000:00:08.0 eth1: (PCI:33MHz:32-bit) 08:00:27:41:e0:ae
[    6.911242] e1000 0000:00:08.0 eth1: Intel(R) PRO/1000 Network Connection
[    6.926213] e1000 0000:00:03.0 enp0s3: renamed from eth0
[    6.935167] mptbase: ioc0: Initiating bringup
[    6.949944] e1000 0000:00:08.0 enp0s8: renamed from eth1
[    7.027636] ioc0: LSI53C1030 A0: Capabilities={Initiator}
[    7.612367] scsi host2: ioc0: LSI53C1030 A0, FwRev=00000000h, Ports=1, MaxQ=256, IRQ=20
[    7.774050] scsi 2:0:0:0: Direct-Access     VBOX     HARDDISK         1.0  PQ: 0 ANSI: 5
[    7.789372] scsi target2:0:0: Beginning Domain Validation
[    7.807067] scsi target2:0:0: Domain Validation skipping write tests
[    7.818033] scsi target2:0:0: Ending Domain Validation
[    7.826734] scsi target2:0:0: asynchronous
[    7.837618] scsi 2:0:1:0: Direct-Access     VBOX     HARDDISK         1.0  PQ: 0 ANSI: 5
[    7.851514] scsi target2:0:1: Beginning Domain Validation
[    7.871626] scsi target2:0:1: Domain Validation skipping write tests
[    7.882043] scsi target2:0:1: Ending Domain Validation
[    7.891634] scsi target2:0:1: asynchronous
[    7.945130] sd 2:0:0:0: Attached scsi generic sg0 type 0
[    7.956143] sd 2:0:0:0: [sda] 83886080 512-byte logical blocks: (42.9 GB/40.0 GiB)
[    7.959009] sd 2:0:1:0: [sdb] 20480 512-byte logical blocks: (10.5 MB/10.0 MiB)
[    7.960314] sd 2:0:1:0: [sdb] Write Protect is off
[    7.961045] sd 2:0:1:0: [sdb] Incomplete mode parameter data
[    7.961047] sd 2:0:1:0: [sdb] Assuming drive cache: write through
[    7.966233] sd 2:0:1:0: Attached scsi generic sg1 type 0
[    7.977023] sd 2:0:1:0: [sdb] Attached SCSI disk
[    8.061430] sd 2:0:0:0: [sda] Write Protect is off
[    8.074470] sd 2:0:0:0: [sda] Incomplete mode parameter data
[    8.083251] sd 2:0:0:0: [sda] Assuming drive cache: write through
[    8.100743]  sda: sda1
[    8.110805] sd 2:0:0:0: [sda] Attached SCSI disk
Begin: Loading essential drivers ... [   10.431177] md: linear personality registered for level -1
[   10.447866] md: multipath personality registered for level -4
[   10.463149] md: raid0 personality registered for level 0
[   10.569988] md: raid1 personality registered for level 1
[   10.684388] raid6: sse2x1   gen()  1957 MB/s
[   10.764450] raid6: sse2x1   xor()  2188 MB/s
[   10.850072] raid6: sse2x2   gen()  2499 MB/s
[   10.942381] raid6: sse2x2   xor()  1636 MB/s
[   11.023439] raid6: sse2x4   gen()  1887 MB/s
[   11.105447] raid6: sse2x4   xor()  1065 MB/s
[   11.121042] raid6: using algorithm sse2x2 gen() 2499 MB/s
[   11.167067] raid6: .... xor() 1636 MB/s, rmw enabled
[   11.188242] raid6: using ssse3x2 recovery algorithm
[   11.226013] xor: measuring software checksum speed
[   13.526907]    prefetch64-sse: 2096465.000 MB/sec
[   16.578572]    generic_sse: -1990171.-296 MB/sec
[   16.587434] xor: using function: prefetch64-sse (2096465.000 MB/sec)
[   16.601304] async_tx: api initialized (async)
[   16.666766] md: raid6 personality registered for level 6
[   16.674015] md: raid5 personality registered for level 5
[   16.681935] md: raid4 personality registered for level 4
[   16.719114] md: raid10 personality registered for level 10
done.
Begin: Running /scripts/init-premount ... done.
Begin: Mounting root file system ... Begin: Running /scripts/local-top ... done.
Begin: Running /scripts/local-premount ... [   16.838614] Btrfs loaded
Scanning for Btrfs filesystems
done.
Warning: fsck not present, so skipping root file system
[   16.945214] EXT4-fs (sda1): mounted filesystem with ordered data mode. Opts: (null)
done.
Begin: Running /scripts/local-bottom ... done.
Begin: Running /scripts/init-bottom ... done.
[   17.311083] systemd[1]: systemd 229 running in system mode. (+PAM +AUDIT +SELINUX +IMA +APPARMOR +SMACK +SYSVINIT +UTMP +LIBCRYPTSETUP +GCRYPT +GNUTLS +ACL +XZ -LZ4 +SECCOMP +BLKID +ELFUTILS +KMOD -IDN)
[   17.341642] systemd[1]: Detected virtualization oracle.
[   17.345264] systemd[1]: Detected architecture x86-64.

Welcome to [1mUbuntu 16.04.7 LTS[0m!

[   17.367376] systemd[1]: Set hostname to <ubuntu>.
[   17.383440] systemd[1]: Initializing machine ID from random generator.
[   17.393604] systemd[1]: Installed transient /etc/machine-id file.
[   17.888556] systemd[1]: Created slice User and Session Slice.
[[0;32m  OK  [0m] Created slice User and Session Slice.
[   17.901481] systemd[1]: Listening on udev Control Socket.
[[0;32m  OK  [0m] Listening on udev Control Socket.
[   17.913455] systemd[1]: Listening on LVM2 poll daemon socket.
[[0;32m  OK  [0m] Listening on LVM2 poll daemon socket.
[   17.930034] systemd[1]: Reached target Encrypted Volumes.
[[0;32m  OK  [0m] Reached target Encrypted Volumes.
[   17.942921] systemd[1]: Set up automount Arbitrary Executable File Formats File System Automount Point.
[[0;32m  OK  [0m] Set up automount Arbitrary Executab...ats File System Automount Point.
[   17.963815] systemd[1]: Reached target System Time Synchronized.
[[0;32m  OK  [0m] Reached target System Time Synchronized.
[   17.976959] systemd[1]: Created slice System Slice.
[[0;32m  OK  [0m] Created slice System Slice.
[   17.988628] systemd[1]: Listening on Journal Socket.
[[0;32m  OK  [0m] Listening on Journal Socket.
[   18.017890] systemd[1]: Starting Create list of required static device nodes for the current kernel...
         Starting Create list of required st... nodes for the current kernel...
[   18.049438] systemd[1]: Starting Nameserver information manager...
         Starting Nameserver information manager...
[   18.068944] systemd[1]: Mounting Huge Pages File System...
         Mounting Huge Pages File System...
[   18.084639] systemd[1]: Listening on fsck to fsckd communication Socket.
[[0;32m  OK  [0m] Listening on fsck to fsckd communication Socket.
[   18.105177] systemd[1]: Listening on Device-mapper event daemon FIFOs.
[[0;32m  OK  [0m] Listening on Device-mapper event daemon FIFOs.
[   18.119802] systemd[1]: Listening on Journal Socket (/dev/log).
[[0;32m  OK  [0m] Listening on Journal Socket (/dev/log).
[   18.156776] systemd[1]: Starting Load Kernel Modules...
         Starting Load Kernel Modules...
[   18.185730] systemd[1]: Reached target Swap.
[[0;32m  OK  [0m] Reached target Swap.
[   18.205375] Loading iSCSI transport class v2.0-870.
[   18.205929] systemd[1]: Listening on LVM2 metadata daemon socket.
[[   18.229432] random: nonblocking pool is initialized
[0;32m  OK  [0m] Listening on LVM2 metadata daemon socket.
[   18.258193] iscsi: registered transport (tcp)
[   18.258274] systemd[1]: Starting Monitoring of LVM2 mirrors, snapshots etc. using dmeventd or progress polling...
         Starting Monitoring of LVM2 mirrors... dmeventd or progress polling...
[   18.306678] systemd[1]: Listening on udev Kernel Socket.
[[0;32m  OK  [0m] Listening on udev Kernel Socket.
[   18.354615] systemd[1]: Starting Uncomplicated firewall...
         Starting Uncomplicated firewall...
[   18.382429] systemd[1]: Created slice system-serial\x2dgetty.slice.
[[0;32m  OK  [0m] Created slice system-serial\x2dgetty.slice.
[   18.401904] systemd[1]: Reached target Slices.
[[0;32m  OK  [0m] Reached target Slices.
[   18.421179] systemd[1]: Started Trigger resolvconf update for networkd DNS.
[[0;32m  OK  [0m] Started Trigger resolvconf update for networkd DNS.
[   18.464515] systemd[1]: Mounting POSIX Message Queue File System...
         Mounting POSIX Message Queue File System...
[   18.487436] systemd[1]: Listening on Journal Audit Socket.
[[0;32m  OK  [0m] Listening on Journal Audit Socket.
[   18.500875] systemd[1]: Reached target User and Group Name Lookups.
[[0;32m  OK  [0m] Reached target User and Group Name Lookups.
[   18.518025] systemd[1]: Listening on /dev/initctl Compatibility Named Pipe.
[[0;32m  OK  [0m] Listening on /dev/initctl Compatibility Named Pipe.[   18.538004] iscsi: registered transport (iser)

[   18.552831] systemd[1]: Mounting Debug File System...
         Mounting Debug File System...
[   18.570736] systemd[1]: Started Forward Password Requests to Wall Directory Watch.
[[0;32m  OK  [0m] Started Forward Password Requests to Wall Directory Watch.
[   18.605251] systemd[1]: Starting File System Check on Root Device...
         Starting File System Check on Root Device...
[   18.627886] systemd[1]: Starting Set console keymap...
         Starting Set console keymap...
[   18.650776] systemd[1]: Listening on Syslog Socket.
[[0;32m  OK  [0m] Listening on Syslog Socket.
[   18.671778] systemd[1]: Starting Journal Service...
         Starting Journal Service...
[   18.702871] systemd[1]: Mounted POSIX Message Queue File System.
[[0;32m  OK  [0m] Mounted POSIX Message Queue File System.
[   18.726981] systemd[1]: Mounted Debug File System.
[[0;32m  OK  [0m] Mounted Debug File System.
[   18.741405] systemd[1]: Mounted Huge Pages File System.
[[0;32m  OK  [0m] Mounted Huge Pages File System.
[   18.757380] systemd[1]: Started Journal Service.
[[0;32m  OK  [0m] Started Journal Service.
[[0;32m  OK  [0m] Started Create list of required sta...ce nodes for the current kernel.
[[0;32m  OK  [0m] Started Load Kernel Modules.
[[0;32m  OK  [0m] Started Uncomplicated firewall.
[[0;32m  OK  [0m] Started File System Check on Root Device.
[[0;32m  OK  [0m] Started Set console keymap.
[[0;32m  OK  [0m] Started Nameserver information manager.
[[0;32m  OK  [0m] Started LVM2 metadata daemon.
[[0;32m  OK  [0m] Started File System Check Daemon to report status.
         Starting Remount Root and Kernel File Systems...
         [   19.185835] EXT4-fs (sda1): re-mounted. Opts: (null)
Mounting FUSE Control File System...
         Starting Apply Kernel Variables...
         Starting Create Static Device Nodes in /dev...
[[0;32m  OK  [0m] Mounted FUSE Control File System.
[[0;32m  OK  [0m] Started Remount Root and Kernel File Systems.
[[0;32m  OK  [0m] Started Monitoring of LVM2 mirrors,...ng dmeventd or progress polling.
[[0;32m  OK  [0m] Started Apply Kernel Variables.
[[0;32m  OK  [0m] Started Create Static Device Nodes in /dev.
         Starting udev Kernel Device Manager...
         Starting udev Coldplug all Devices...
[[0;32m  OK  [0m] Reached target Local File Systems (Pre).
[[0;32m  OK  [0m] Reached target Local File Systems.
         Starting Tell Plymouth To Write Out Runtime Data...
         Starting Set console font and keymap...
         Starting LSB: AppArmor initialization...
         Starting Commit a transient machine-id on disk...
         Starting Load/Save Random Seed...
         Starting Flush Journal to Persistent Storage...
         Starting Initial cloud-init job (pre-networking)...
[[0;32m  OK  [0m] Started udev Kernel Device Manager.
[[0;32m  OK  [0m] Started Tell Plymouth To Write Out Runtime Data.
[[0;32m  OK  [0m] Started Commit a transient machine-id on disk.
[[0;32m  OK  [0m] Started Load/Save Random Seed.
[[0;32m  OK  [0m] Started Flush Journal to Persistent Storage.
         Starting Create Volatile Files and Directories...
[[0;32m  OK  [0m] Started Create Volatile Files and Directories.
         Starting Update UTMP about System Boot/Shutdown...
[[0;32m  OK  [0m] Started Update UTMP about System Boot/Shutdown.
[[0;32m  OK  [0m] Started udev Coldplug all Devices.
[[0;32m  OK  [0m] Started Dispatch Password Requests to Console Directory Watch.
[[0;32m  OK  [0m] Found device /dev/ttyS0.
[[0;32m  OK  [0m] Started Set console font and keymap.
[[0;32m  OK  [0m] Created slice system-getty.slice.
[[0;32m  OK  [0m] Listening on Load/Save RF Kill Switch Status /dev/rfkill Watch.
[[0;32m  OK  [0m] Started LSB: AppArmor initialization.
[   25.214249] cloud-init[477]: Cloud-init v. 21.1-19-gbad84ad4-0ubuntu1~16.04.2 running 'init-local' at Tue, 08 Jun 2021 15:14:24 +0000. Up 24.44 seconds.
         Starting Load AppArmor profiles managed internally by snapd...
[[0;32m  OK  [0m] Started Load AppArmor profiles managed internally by snapd.
[[0;32m  OK  [0m] Started Initial cloud-init job (pre-networking).
[[0;32m  OK  [0m] Reached target Network (Pre).
         Starting Raise network interfaces...
[[0;32m  OK  [0m] Started Raise network interfaces.
         Starting Initial cloud-init job (metadata service crawler)...
[[0;32m  OK  [0m] Reached target Network.
[   28.632097] cloud-init[960]: Cloud-init v. 21.1-19-gbad84ad4-0ubuntu1~16.04.2 running 'init' at Tue, 08 Jun 2021 15:14:27 +0000. Up 27.34 seconds.
[   28.646675] cloud-init[960]: ci-info: ++++++++++++++++++++++++++++++++++++++Net device info+++++++++++++++++++++++++++++++++++++++
[   28.658041] cloud-init[960]: ci-info: +--------+-------+----------------------------+---------------+--------+-------------------+
[   28.668513] cloud-init[960]: ci-info: | Device |   Up  |          Address           |      Mask     | Scope  |     Hw-Address    |
[   28.677561] cloud-init[960]: ci-info: +--------+-------+----------------------------+---------------+--------+-------------------+
[   28.684917] cloud-init[960]: ci-info: | enp0s3 |  True |         10.0.2.15          | 255.255.255.0 | global | 02:ed:98:3c:8e:82 |
[   28.692199] cloud-init[960]: ci-info: | enp0s3 |  True | fe80::ed:98ff:fe3c:8e82/64 |       .       |  link  | 02:ed:98:3c:8e:82 |
[   28.700168] cloud-init[960]: ci-info: | enp0s8 | False |             .              |       .       |   .    | 08:00:27:41:e0:ae |
[   28.708217] cloud-init[960]: ci-info: |   lo   |  True |         127.0.0.1          |   255.0.0.0   |  host  |         .         |
[   28.715893] cloud-init[960]: ci-info: |   lo   |  True |          ::1/128           |       .       |  host  |         .         |
[   28.723506] cloud-init[960]: ci-info: +--------+-------+----------------------------+---------------+--------+-------------------+
[   28.730697] cloud-init[960]: ci-info: +++++++++++++++++++++++++++Route IPv4 info++++++++++++++++++++++++++++
[   28.738842] cloud-init[960]: ci-info: +-------+-------------+----------+---------------+-----------+-------+
[   28.746831] cloud-init[960]: ci-info: | Route | Destination | Gateway  |    Genmask    | Interface | Flags |
[   28.754065] cloud-init[960]: ci-info: +-------+-------------+----------+---------------+-----------+-------+
[   28.760950] cloud-init[960]: ci-info: |   0   |   0.0.0.0   | 10.0.2.2 |    0.0.0.0    |   enp0s3  |   UG  |
[   28.768259] cloud-init[960]: ci-info: |   1   |   10.0.2.0  | 0.0.0.0  | 255.255.255.0 |   enp0s3  |   U   |
[   28.775977] cloud-init[960]: ci-info: +-------+-------------+----------+---------------+-----------+-------+
[   28.782820] cloud-init[960]: ci-info: +++++++++++++++++++Route IPv6 info+++++++++++++++++++
[   28.789715] cloud-init[960]: ci-info: +-------+-------------+---------+-----------+-------+
[   28.796350] cloud-init[960]: ci-info: | Route | Destination | Gateway | Interface | Flags |
[   28.803171] cloud-init[960]: ci-info: +-------+-------------+---------+-----------+-------+
[   28.810710] cloud-init[960]: ci-info: |   0   |  fe80::/64  |    ::   |   enp0s3  |   U   |
[   28.817667] cloud-init[960]: ci-info: |   3   |   ff00::/8  |    ::   |   enp0s3  |   U   |
[   28.824949] cloud-init[960]: ci-info: +-------+-------------+---------+-----------+-------+
[   28.831790] cloud-init[960]: Generating public/private rsa key pair.
[   28.838017] cloud-init[960]: Your identification has been saved in /etc/ssh/ssh_host_rsa_key.
[   28.845587] cloud-init[960]: Your public key has been saved in /etc/ssh/ssh_host_rsa_key.pub.
[   28.852906] cloud-init[960]: The key fingerprint is:
[   28.858729] cloud-init[960]: SHA256:4SmcoMl5J3HAQfPCjIlK5U6AXdLXCQWP5uvQ0Q9f3Fw root@ubuntu-xenial
[   28.865799] cloud-init[960]: The key's randomart image is:
[   28.872179] cloud-init[960]: +---[RSA 2048]----+
[   28.880461] cloud-init[960]: |.o.**.o=..       |
[   28.887254] cloud-init[960]: |..=*o+.oo        |
[   28.893936] cloud-init[960]: |..oo*.= o       E|
[   28.901061] cloud-init[960]: |o.o+ O + o . o . |
[   28.907359] cloud-init[960]: |. =.o B S   o o  |
[   28.920320] cloud-init[960]: |   . + + + .     |
[   28.927523] cloud-init[960]: |    . o   o      |
[   28.935114] cloud-init[960]: |     o           |
[   28.942688] cloud-init[960]: |      .          |
[   28.949785] cloud-init[960]: +----[SHA256]-----+
[   28.957927] cloud-init[960]: Generating public/private dsa key pair.
[   28.965785] cloud-init[960]: Your identification has been saved in /etc/ssh/ssh_host_dsa_key.
[   28.975656] cloud-init[960]: Your public key has been saved in /etc/ssh/ssh_host_dsa_key.pub.
[   28.985366] cloud-init[960]: The key fingerprint is:
[   28.994721] cloud-init[960]: SHA256:B/xbx+sQCYI9TEivteQ8RJuKy0n6pXgZIId7+eNqX8U root@ubuntu-xenial
[   29.004107] cloud-init[960]: The key's randomart image is:
[   29.011890] cloud-init[960]: +---[DSA 1024]----+
[   29.022678] cloud-init[960]: |     ...o        |
[   29.031875] cloud-init[960]: |      .O o       |
[   29.042850] cloud-init[960]: | .    . # .      |
[   29.051862] cloud-init[960]: |o o  . X * . o   |
[[0;32m  OK  [0m] Started Initial cloud-init job (metadata service crawler).
[[0;32m  OK  [0m] Reached target Network is Online.
[   29.060491] cloud-init[960]: | + oo o E o + o  |
[   29.077996] cloud-init[960]: |. o+.o . o o o . |
[   29.085321] cloud-init[960]: | ...+oo   . . .  |
[   29.097986] cloud-init[960]: |  .o=+       o   |
         Starting iSCSI initiator daemon (iscsid)...
[   29.116019] cloud-init[960]: | .o==.        .  |
[   29.131146] cloud-init[960]: +----[SHA256]-----+
[[0;32m  OK  [0m] Reached target System Initialization.
[   29.141885]          Starting LXD - unix socket.
[[0;32m  OK  [0m] Started Daily Cleanup of Temporary Directories.
[[0;32m  OK  [0m] Listening on ACPID Listen Socket.
[[0;32m  OK  [0m] Started Daily apt download activities.
[[0;32m  OK  [0m] Started Daily apt upgrade and clean activities.
[[0;32m  OK  [0m] Listening on UUID daemon activation socket.
cloud-init[960]: Generating public/private ecdsa key pair.
[[0;32m  OK  [0m] Started ACPI Events Check.
[[0;32m  OK  [0m] Reached target Paths.
[[0;32m  OK  [0m] Listening on D-Bus System Message Bus Socket.
         Starting Socket activation for snappy daemon.
[[0;32m  OK  [0m] Started Message of the Day.
[[0;32m  OK  [0m] Reached target Timers.
[[0;32m  OK  [0m] Reached target Cloud-config availability.
[   29.176260] cloud-init[960]: Your identification has been saved in /etc/ssh/ssh_host_ecdsa_key.
[   29.203003] cloud-init[960]: [[0;32m  OK  [0m] Listening on LXD - unix socket.
[[0;32m  OK  [0m] Listening on Socket activation for snappy daemon.
[[0;32m  OK  [0m] Reached target Sockets.
[[0;32m  OK  [0m] Reached target Basic System.
         Starting LSB: MD monitoring daemon...
[[0;32m  OK  [0m] Started Deferred execution scheduler.
Your public key has been saved in /etc/ssh/ssh_host_ecdsa_key.pub.         Starting Pollinate to seed the pseudo random number generator...
         Starting System Logging Service...

         Starting /etc/rc.local Compatibility...
         Starting LSB: Record successful boot for GRUB...
[   29.283292]          Starting Accounts Service...
         Starting Snap Daemon...
         Starting Login Service...
cloud-init         Starting Virtualbox guest utils...
[[0;32m  OK  [0m] Started FUSE filesystem for LXC.
[960]: [[0;32m  OK  [0m] Started D-Bus System Message Bus.
The key fingerprint is:
[   29.349307] cloud-init[960]: SHA256:OFY8rmeolTbf58YEqzU8dBoleNlMcnH12BS5BCgAkrI root@ubuntu-xenial
[   29.407420] cloud-init[960]: The key's randomart image is:
[   29.510025] cloud-init[960]: +---[ECDSA 256]---+
[   29.555152] cloud-init[960]: |   ........==ooo=|
[[0;32m  OK  [0m] Started ACPI event daemon.
[[0;32m  OK  [0m] Started Regular background program processing daemon.
         Starting LXD - container startup/shutdown...
[[0;32m  OK  [0m] Started System Logging Service.
[[0;32m  OK  [0m] Started iSCSI initiator daemon (iscsid).
[   29.628919] cloud-init[960]: | . ..  ...+++. *.|
[   29.629393] cloud-init[960]: |  o     +..o  o +|
[[0;32m  OK  [0m] Started /etc/rc.local Compatibility.
[   29.630755] cloud-init[960]: | E     + .+ .  . |
[   29.677063] cloud-init[[0;32m  OK  [0m] Started Login Service.
[960]: |      + So *     |
[[0;32m  OK  [0m] Started Unattended Upgrades Shutdown.
[   29.727037] cloud-init[960]: |     . =  B .    |
[   29.741175] cloud-init[960]: |      B oo =     |
         Starting Authenticate and Authorize Users to Run Privileged Tasks...
         Starting Login to default iSCSI targets...
[   29.746323] cloud-init[[0;32m  OK  [0m] Started LSB: MD monitoring daemon.
[960]: |     + =..  +    |
[   29.857003] cloud-init[960]: |    .   . .+.    |
[[0;32m  OK  [0m] Started LSB: Record successful boot for GRUB.
[   29.999149] cloud-init[960]: +----[SHA256]-----+
[[0;32m  OK  [0m] Started Login to default iSCSI targets.
[[0;32m  OK  [0m] Reached target Remote File Systems (Pre).
[[0;32m  OK  [0m] Reached target Remote File Systems.
[   30.025798] cloud-init         Starting Permit User Sessions...
[960]: Generating public/private ed25519 key pair.         Starting LSB: automatic crash report generation...
         Starting LSB: daemon to balance interrupts for SMP systems...

         Starting LSB: Set the CPU Frequency Scaling governor to "ondemand"...
[   30.212202] [[0;32m  OK  [0m] Started Permit User Sessions.
cloud-init         Starting Hold until boot process finishes up...
         Starting Terminate Plymouth Boot Screen...
[[0;32m  OK  [0m] Started Hold until boot process finishes up.
[[0;32m  OK  [0m] Started Serial Getty on ttyS0.
         Starting Set console scheme...
[[0;32m  OK  [0m] Started Getty on tty1.
[[0;32m  OK  [0m] Reached target Login Prompts.
[960]: Your identification has been saved in /etc/ssh/ssh_host_ed25519_key.[[0;32m  OK  [0m] Started Terminate Plymouth Boot Screen.

[[0;32m  OK  [0m] Started Authenticate and Authorize Users to Run Privileged Tasks.
[   30.362021] [[0;32m  OK  [0m] Started Set console scheme.
[[0;32m  OK  [0m] Started Accounts Service.
cloud-init[960]: Your public key has been saved in /etc/ssh/ssh_host_ed25519_key.pub.
[   30.666073] cloud-init[960]: The key fingerprint is:
[   30.766927] [[0;32m  OK  [0m] Started LSB: Set the CPU Frequency Scaling governor to "ondemand".
cloud-init[960]: SHA256:tF8TQv2AXLZy5HO0ujZGoa9uLzmxg7gbnAgcQVdI1Qs root@ubuntu-xenial
[   30.965343] cloud-init[[0;32m  OK  [0m] Started LXD - container startup/shutdown.
[960]: The key's randomart image is:
[[0;32m  OK  [0m] Started LSB: daemon to balance interrupts for SMP systems.
[   31.094061] [[0;32m  OK  [0m] Started LSB: automatic crash report generation.
cloud-init[960]: +--[ED25519 256]--+
[   31.163251] cloud-init[960]: | .o.o+o. ..++ .  |
[   31.314778] cloud-init[960]: |   o. E ..o+oo . |
[   31.333047] cloud-init[960]: |  .    ...o Boo  |
[   31.342985] cloud-init[960]: | . .   ... = *.  |
[   31.351585] cloud-init[960]: |  o     S . =    |
[   31.378237] cloud-init[960]: |   . o . ..+ o   |
[   31.430191] cloud-init[960]: |    . +. ..+*    |
[   31.446371] cloud-init[960]: |      ... B+ .   |
[   31.462592] cloud-init[960]: |      oo oo=.    |
[   31.489454] cloud-init[960]: +----[SHA256]-----+
[[0;32m  OK  [0m] Started Virtualbox guest utils.
[[0;32m  OK  [0m] Started Pollinate to seed the pseudo random number generator.
         Starting OpenBSD Secure Shell server...
[[0;32m  OK  [0m] Started OpenBSD Secure Shell server.
[[0;32m  OK  [0m] Started Snap Daemon.
         Starting Wait until snapd is fully seeded...
[[0;32m  OK  [0m] Started Wait until snapd is fully seeded.
         Starting Apply the settings specified in cloud-config...
[[0;32m  OK  [0m] Reached target Multi-User System.
[[0;32m  OK  [0m] Reached target Graphical Interface.
         Starting Update UTMP about System Runlevel Changes...
[[0;32m  OK  [0m] Started Update UTMP about System Runlevel Changes.
[[0;32m  OK  [0m] Created slice User Slice of vagrant.
         Starting User Manager for UID 1000...
[[0;32m  OK  [0m] Started Session 1 of user vagrant.
[[0;32m  OK  [0m] Started User Manager for UID 1000.
[   35.627331] cloud-init[1319]: Generating locales (this might take a while)...

Ubuntu 16.04.7 LTS ubuntu-xenial ttyS0

ubuntu-xenial login: [   39.812830] cloud-init[1319]:   en_US.UTF-8... done
[   39.822559] cloud-init[1319]: Generation complete.
[   40.745268] cloud-init[1319]: Cloud-init v. 21.1-19-gbad84ad4-0ubuntu1~16.04.2 running 'modules:config' at Tue, 08 Jun 2021 15:14:34 +0000. Up 34.78 seconds.
ci-info: no authorized SSH keys fingerprints found for user ubuntu.
<14>Jun  8 15:14:41 ec2: 
<14>Jun  8 15:14:41 ec2: #############################################################
<14>Jun  8 15:14:41 ec2: -----BEGIN SSH HOST KEY FINGERPRINTS-----
<14>Jun  8 15:14:41 ec2: 1024 SHA256:B/xbx+sQCYI9TEivteQ8RJuKy0n6pXgZIId7+eNqX8U root@ubuntu-xenial (DSA)
<14>Jun  8 15:14:41 ec2: 256 SHA256:OFY8rmeolTbf58YEqzU8dBoleNlMcnH12BS5BCgAkrI root@ubuntu-xenial (ECDSA)
<14>Jun  8 15:14:41 ec2: 256 SHA256:tF8TQv2AXLZy5HO0ujZGoa9uLzmxg7gbnAgcQVdI1Qs root@ubuntu-xenial (ED25519)
<14>Jun  8 15:14:41 ec2: 2048 SHA256:4SmcoMl5J3HAQfPCjIlK5U6AXdLXCQWP5uvQ0Q9f3Fw root@ubuntu-xenial (RSA)
<14>Jun  8 15:14:41 ec2: -----END SSH HOST KEY FINGERPRINTS-----
<14>Jun  8 15:14:41 ec2: #############################################################
-----BEGIN SSH HOST KEY KEYS-----
ecdsa-sha2-nistp256 AAAAE2VjZHNhLXNoYTItbmlzdHAyNTYAAAAIbmlzdHAyNTYAAABBBMB/vAmourH0AJYBz0sM3mzXG1aJEPUkMCWopRB5swLzkSAOrOHYl3JH4vGLYlOAPqQEuOh2iUACeV+lz8wvBFk= root@ubuntu-xenial
ssh-ed25519 AAAAC3NzaC1lZDI1NTE5AAAAIHIAhhURKkKgCs4F/+OD/7QwfNACGMHUJfw8CngW0fU1 root@ubuntu-xenial
ssh-rsa AAAAB3NzaC1yc2EAAAADAQABAAABAQDFvRlyp4wfwGiTCvz+yjA746u+DKGvv73/XTdTzOKZhcl1NaAMRmfZjSKkj9LYXI54bm3CWzZ8OK7eJdKkbvP/gempw4DcQf6ozIJxn4fE6sjIVc9LA9Et93ta4U7qVztBMuyJHZqjrwEC7mXYG71pozcYRdMbOANG8OgncNR7QIGQ7QHj1Eoq2AKAjRSjcCLjDyoR6dXegZLXH2FhSM2E5LLWpyG21FLkj5ZFQXzA6M2XAFI0CstsRmB1RghbjOuAwgZPmw8Xt+9JiwkV3Ea+87JJXuE0di4vNEX5lhjXYROHs7Jw8JOzh9f4LPVH2VYZpp8Yh0WbE9jv0e5TIWZh root@ubuntu-xenial
-----END SSH HOST KEY KEYS-----
[   42.392181] cloud-init[1571]: Cloud-init v. 21.1-19-gbad84ad4-0ubuntu1~16.04.2 running 'modules:final' at Tue, 08 Jun 2021 15:14:41 +0000. Up 41.90 seconds.
[   42.392682] cloud-init[1571]: ci-info: no authorized SSH keys fingerprints found for user ubuntu.
[   42.392942] cloud-init[1571]: Cloud-init v. 21.1-19-gbad84ad4-0ubuntu1~16.04.2 finished at Tue, 08 Jun 2021 15:14:42 +0000. Datasource DataSourceNoCloud [seed=/dev/sdb][dsmode=net].  Up 42.36 seconds
